// Jest Snapshot v1, https://goo.gl/fbAQLP

exports[`PasswordForm renders correctly 1`] = `<form />`;
